[
	[
		"Section",
		""
	],
	[
		"Db:  'UnitTestDb'",
		[
			[
				"Contains",
				""
			],
			[
				"ConnectionInfo",
				[
					[
						"Contains",
						""
					],
					[
						"DbName",
						"foo"
					],
					[
						"ProviderType",
						"Sql2012"
					],
					[
						"ClientConnectionString",
						"data source=.;initial catalog=foo;integrated security=true;"
					],
					[
						"ServerConnectionString",
						"Data Source=.;Initial Catalog=;Integrated Security=True"
					]
				]
			],
			[
				"Serializer",
				[
					[
						"Contains",
						""
					],
					[
						"Type",
						"ServiceStackJsonSerializer"
					],
					[
						"DeserializeManyInParallel",
						"True"
					],
					[
						"DateSerializationMode",
						"Iso8601"
					]
				]
			],
			[
				"Settings",
				[
					[
						"Contains",
						""
					],
					[
						"AllowUpsertsOfSchemas",
						"True"
					],
					[
						"SynchronizeSchemaChanges",
						"True"
					],
					[
						"MaxInsertManyBatchSize",
						"500"
					],
					[
						"MaxUpdateManyBatchSize",
						"500"
					]
				]
			],
			[
				"StructureSchemas",
				[
					[
						"Contains",
						""
					],
					[
						"MyDummy",
						[
							[
								"Contains",
								""
							],
							[
								"Name",
								"MyDummy"
							],
							[
								"HasId",
								"True"
							],
							[
								"HasConcurrencyToken",
								"True"
							],
							[
								"HasTimeStamp",
								"True"
							],
							[
								"IdAccessor.Path",
								"StructureId"
							],
							[
								"IdAccessor.DataType",
								"System.Guid"
							],
							[
								"IdAccessor.IdType",
								"Guid"
							],
							[
								"ConcurrencyTokenAccessor.Path",
								"ConcurrencyToken"
							],
							[
								"ConcurrencyTokenAccessor.DataType",
								"System.Guid"
							],
							[
								"TimeStampAccessor.Path",
								"TimeStamp"
							],
							[
								"TimeStampAccessor.DataType",
								"System.DateTime"
							],
							[
								"Indexes",
								[
									[
										"Contains",
										""
									],
									[
										"StructureId",
										[
											[
												"Contains",
												""
											],
											[
												"Path",
												"StructureId"
											],
											[
												"DataType",
												"System.Guid"
											],
											[
												"IsElement",
												"False"
											],
											[
												"IsEnumerable",
												"False"
											],
											[
												"IsUnique",
												"False"
											]
										]
									],
									[
										"TimeStamp",
										[
											[
												"Contains",
												""
											],
											[
												"Path",
												"TimeStamp"
											],
											[
												"DataType",
												"System.DateTime"
											],
											[
												"IsElement",
												"False"
											],
											[
												"IsEnumerable",
												"False"
											],
											[
												"IsUnique",
												"False"
											]
										]
									],
									[
										"ConcurrencyToken",
										[
											[
												"Contains",
												""
											],
											[
												"Path",
												"ConcurrencyToken"
											],
											[
												"DataType",
												"System.Guid"
											],
											[
												"IsElement",
												"False"
											],
											[
												"IsEnumerable",
												"False"
											],
											[
												"IsUnique",
												"False"
											]
										]
									],
									[
										"StringValue",
										[
											[
												"Contains",
												""
											],
											[
												"Path",
												"StringValue"
											],
											[
												"DataType",
												"System.String"
											],
											[
												"IsElement",
												"False"
											],
											[
												"IsEnumerable",
												"False"
											],
											[
												"IsUnique",
												"False"
											]
										]
									]
								]
							]
						]
					]
				]
			]
		]
	]
]